main.c:102:5:main	24	static
main.c:229:6:Blink	8	static
main.c:246:6:Blink_System	8	static
main.c:263:6:Counter	8	static
main.c:273:6:Encoder_Data_Send_Segment	16	static
main.c:280:6:Encoder_Speed_Data_send_Segment	16	static
main.c:292:6:Encoder_Angle_Data_send_Semgment	16	static
main.c:309:6:Serial_Packet	16	static
main.c:353:6:GPS_Serial_Packet	1840	static
main.c:500:6:GPS_Serial_Send	16	static
main.c:516:6:test_dynamix	24	static
main.c:550:6:test_callback	8	static
main.c:557:6:Serial_callback	16	static
main.c:584:6:Serial_callback2	16	static
main.c:614:6:Error_Handler	4	static,ignoring_inline_asm
