main.c:102:5:main	8	static
main.c:205:6:Blink	8	static
main.c:222:6:Blink_System	8	static
main.c:239:6:Counter	8	static
main.c:249:6:Encoder_Data_Send_Segment	16	static
main.c:256:6:Encoder_Speed_Data_send_Segment	16	static
main.c:268:6:Encoder_Angle_Data_send_Semgment	16	static
main.c:285:6:Serial_Packet	16	static
main.c:329:6:GPS_Serial_Packet	1840	static
main.c:476:6:GPS_Serial_Send	16	static
main.c:492:6:test_dynamix	8	static
main.c:524:6:test_callback	8	static
main.c:531:6:Serial_callback	16	static
main.c:558:6:Serial_callback2	16	static
main.c:588:6:Error_Handler	4	static,ignoring_inline_asm
