serial.c:28:6:Serial1_Init	8	static
serial.c:46:6:Serial2_Init	8	static
serial.c:70:6:Serial_Open	24	static
serial.c:114:6:Serial_Close	16	static
serial.c:135:6:Serial_WriteByte	88	static
serial.c:154:6:Serial_WriteHexa	24	static
serial.c:169:6:Serial_WriteString	16	static
serial.c:178:6:Serial_WriteInt	16	static
serial.c:190:6:HAL_UART_RxCpltCallback	16	static
serial.c:218:6:USART2_IRQHandler	8	static
serial.c:229:6:USART3_IRQHandler	8	static
serial.c:240:9:Serial_Data_GET	16	static
serial.c:258:6:Serial_Send	16	static
serial.c:271:13:USART2_GPIO_Init	48	static
serial.c:296:13:USART3_GPIO_Init	48	static
serial.c:326:6:Error_Serial_Handler	4	static,ignoring_inline_asm
