serial.c:28:6:Serial1_Init	8	static
serial.c:46:6:Serial2_Init	8	static
serial.c:67:6:Serial_Open	24	static
serial.c:100:6:Serial_Close	16	static
serial.c:119:6:Serial_WriteByte	88	static
serial.c:138:6:Serial_WriteHexa	24	static
serial.c:153:6:Serial_WriteString	16	static
serial.c:162:6:Serial_WriteInt	16	static
serial.c:174:6:HAL_UART_RxCpltCallback	16	static
serial.c:202:6:USART2_IRQHandler	8	static
serial.c:213:6:USART3_IRQHandler	8	static
serial.c:224:9:Serial_Data_GET	16	static
serial.c:242:6:Serial_Send	16	static
serial.c:255:13:USART2_GPIO_Init	48	static
serial.c:280:13:USART3_GPIO_Init	48	static
serial.c:309:6:Error_Serial_Handler	4	static,ignoring_inline_asm
